\BOOKMARK [1][-]{section.1}{\376\377\000I\000n\000t\000r\000o\000d\000u\000c\000t\000i\000o\000n}{}% 1
\BOOKMARK [1][-]{section.2}{\376\377\000D\000e\000s\000i\000g\000n\000\040\000P\000h\000i\000l\000o\000s\000o\000p\000h\000y}{}% 2
\BOOKMARK [2][-]{subsection.2.1}{\376\377\000D\000e\000s\000i\000g\000n\000\040\000P\000r\000i\000n\000c\000i\000p\000l\000e\000s}{section.2}% 3
\BOOKMARK [2][-]{subsection.2.2}{\376\377\000T\000e\000a\000c\000h\000i\000n\000g\000\040\000T\000o\000o\000l}{section.2}% 4
\BOOKMARK [2][-]{subsection.2.3}{\376\377\000S\000t\000r\000a\000i\000g\000h\000t\000f\000o\000r\000w\000a\000r\000d\000\040\000I\000m\000p\000o\000r\000t\000\040\000/\000\040\000E\000x\000p\000o\000r\000t}{section.2}% 5
\BOOKMARK [2][-]{subsection.2.4}{\376\377\000H\000a\000r\000d\000w\000a\000r\000e\000\040\000C\000o\000m\000p\000a\000r\000i\000s\000o\000n}{section.2}% 6
\BOOKMARK [1][-]{section.3}{\376\377\000S\000i\000m\000u\000l\000a\000t\000i\000o\000n\000\040\000A\000r\000c\000h\000i\000t\000e\000c\000t\000u\000r\000e}{}% 7
\BOOKMARK [2][-]{subsection.3.1}{\376\377\000S\000i\000m\000u\000l\000a\000t\000o\000r\000\040\000H\000a\000n\000d\000o\000f\000f\000s}{section.3}% 8
\BOOKMARK [2][-]{subsection.3.2}{\376\377\000N\000o\000i\000s\000e\000\040\000T\000y\000p\000e\000s}{section.3}% 9
\BOOKMARK [3][-]{subsubsection.3.2.1}{\376\377\000P\000a\000u\000l\000i\000\040\000E\000r\000r\000o\000r\000s\000\040\000a\000n\000d\000\040\000P\000a\000u\000l\000i\000-\000T\000w\000i\000r\000l\000i\000n\000g}{subsection.3.2}% 10
\BOOKMARK [3][-]{subsubsection.3.2.2}{\376\377\000A\000m\000p\000l\000i\000t\000u\000d\000e\000\040\000D\000a\000m\000p\000i\000n\000g\000\040\000\050\000T\0001\000\051}{subsection.3.2}% 11
\BOOKMARK [3][-]{subsubsection.3.2.3}{\376\377\000P\000h\000a\000s\000e\000\040\000D\000a\000m\000p\000i\000n\000g\000\040\000\050\000T\0002\000\051}{subsection.3.2}% 12
\BOOKMARK [3][-]{subsubsection.3.2.4}{\376\377\000C\000o\000h\000e\000r\000e\000n\000t\000\040\000O\000v\000e\000r\000-\000r\000o\000t\000a\000t\000i\000o\000n}{subsection.3.2}% 13
\BOOKMARK [3][-]{subsubsection.3.2.5}{\376\377\000C\000r\000o\000s\000s\000t\000a\000l\000k\000\040\000a\000n\000d\000\040\000C\000o\000r\000r\000e\000l\000a\000t\000e\000d\000\040\000E\000r\000r\000o\000r\000s}{subsection.3.2}% 14
\BOOKMARK [3][-]{subsubsection.3.2.6}{\376\377\000S\000P\000A\000M\000\040\000E\000r\000r\000o\000r\000s}{subsection.3.2}% 15
\BOOKMARK [1][-]{section.4}{\376\377\000V\000i\000s\000u\000a\000l\000i\000z\000a\000t\000i\000o\000n\000\040\000a\000n\000d\000\040\000D\000i\000a\000g\000n\000o\000s\000t\000i\000c\000s}{}% 16
\BOOKMARK [2][-]{subsection.4.1}{\376\377\000E\000r\000r\000o\000r\000\040\000T\000r\000a\000j\000e\000c\000t\000o\000r\000y\000\040\000V\000i\000s\000u\000a\000l\000i\000z\000a\000t\000i\000o\000n}{section.4}% 17
\BOOKMARK [2][-]{subsection.4.2}{\376\377\000A\000g\000g\000r\000e\000g\000a\000t\000e\000\040\000E\000r\000r\000o\000r\000\040\000H\000e\000a\000t\000m\000a\000p}{section.4}% 18
\BOOKMARK [2][-]{subsection.4.3}{\376\377\000I\000n\000t\000e\000r\000a\000c\000t\000i\000v\000e\000\040\000D\000i\000a\000g\000n\000o\000s\000t\000i\000c\000\040\000I\000n\000t\000e\000r\000f\000a\000c\000e}{section.4}% 19
\BOOKMARK [1][-]{section.5}{\376\377\000M\000e\000t\000r\000i\000c\000s}{}% 20
\BOOKMARK [2][-]{subsection.5.1}{\376\377\000F\000i\000d\000e\000l\000i\000t\000y\000\040\000C\000a\000l\000c\000u\000l\000a\000t\000i\000o\000n\000s}{section.5}% 21
\BOOKMARK [2][-]{subsection.5.2}{\376\377\000S\000t\000a\000t\000e\000\040\000P\000u\000r\000i\000t\000y}{section.5}% 22
\BOOKMARK [2][-]{subsection.5.3}{\376\377\000Z\000e\000r\000o\000-\000E\000r\000r\000o\000r\000\040\000S\000u\000r\000v\000i\000v\000a\000l}{section.5}% 23
\BOOKMARK [2][-]{subsection.5.4}{\376\377\000P\000r\000o\000c\000e\000s\000s\000\040\000a\000n\000d\000\040\000A\000v\000e\000r\000a\000g\000e\000\040\000C\000i\000r\000c\000u\000i\000t\000\040\000F\000i\000d\000e\000l\000i\000t\000y}{section.5}% 24
\BOOKMARK [1][-]{section.6}{\376\377\000N\000o\000i\000s\000i\000Q\000\040\000E\000x\000a\000m\000p\000l\000e\000s}{}% 25
\BOOKMARK [2][-]{subsection.6.1}{\376\377\000G\000r\000e\000e\000n\000b\000e\000r\000g\000e\000r\040\023\000H\000o\000r\000n\000e\040\023\000Z\000e\000i\000l\000i\000n\000g\000e\000r\000\040\000\050\000G\000H\000Z\000\051\000\040\000S\000t\000a\000t\000e}{section.6}% 26
\BOOKMARK [2][-]{subsection.6.2}{\376\377\000D\000y\000n\000a\000m\000i\000c\000a\000l\000\040\000D\000e\000c\000o\000u\000p\000l\000i\000n\000g}{section.6}% 27
\BOOKMARK [2][-]{subsection.6.3}{\376\377\000Q\000u\000a\000n\000t\000u\000m\000\040\000F\000o\000u\000r\000i\000e\000r\000\040\000T\000r\000a\000n\000s\000f\000o\000r\000m}{section.6}% 28
\BOOKMARK [1][-]{section.7}{\376\377\000C\000o\000n\000c\000l\000u\000s\000i\000o\000n}{}% 29
\BOOKMARK [1][-]{appendix.A}{\376\377\000H\000a\000r\000d\000w\000a\000r\000e\000\040\000N\000o\000i\000s\000e\000\040\000P\000r\000o\000f\000i\000l\000e\000s}{}% 30
\BOOKMARK [2][-]{subsection.A.1}{\376\377\000I\000B\000M\000\040\000H\000e\000r\000o\000n\000\040\000r\0003\000\040\000i\000b\000m\000p\000l\000a\000t\000f\000o\000r\000m\000,\000\040\000a\000b\000u\000g\000h\000a\000n\000e\000m\0002\0000\0002\0004}{appendix.A}% 31
\BOOKMARK [2][-]{subsection.A.2}{\376\377\000I\000B\000M\000\040\000E\000a\000g\000l\000e\000\040\000r\0003}{appendix.A}% 32
\BOOKMARK [2][-]{subsection.A.3}{\376\377\000Q\000u\000a\000n\000t\000i\000n\000u\000u\000m\000\040\000H\0002\000-\0001\000\040\000q\000u\000a\000n\000t\000i\000n\000u\000u\000m\000h\0002\000e\000m\000e\000r\000g\000e\000n\000t\000m\000i\000n\000d\000,\000\040\000q\000u\000a\000n\000t\000i\000n\000u\000u\000m\000h\0002\000d\000o\000c\000s}{appendix.A}% 33
\BOOKMARK [2][-]{subsection.A.4}{\376\377\000I\000o\000n\000Q\000\040\000F\000o\000r\000t\000e\000\040\000i\000o\000n\000q\000f\000o\000r\000t\000e\000,\000\040\000i\000o\000n\000q\000f\000o\000r\000t\000e\000f\000i\000r\000s\000t}{appendix.A}% 34
\BOOKMARK [2][-]{subsection.A.5}{\376\377\000I\000o\000n\000Q\000\040\000A\000r\000i\000a\000\040\000i\000o\000n\000q\000a\000r\000i\000a}{appendix.A}% 35
